-- The C compiler identification is GNU 12.3.0
-- The CXX compiler identification is GNU 12.3.0
-- Detecting C compiler ABI info
-- Detecting C compiler ABI info - done
-- Check for working C compiler: /usr/bin/cc - skipped
-- Detecting C compile features
-- Detecting C compile features - done
-- Detecting CXX compiler ABI info
-- Detecting CXX compiler ABI info - done
-- Check for working CXX compiler: /usr/bin/c++ - skipped
-- Detecting CXX compile features
-- Detecting CXX compile features - done
-- Found ament_cmake: 1.3.11 (/opt/ros/humble/share/ament_cmake/cmake)
-- Found Python3: /usr/bin/python3 (found version "3.10.12") found components: Interpreter 
-- Found unitree_go: 0.0.0 (/home/albusgive2/unitree_ros2/cyclonedds_ws/install/unitree_go/share/unitree_go/cmake)
-- Found rosidl_generator_c: 3.1.6 (/opt/ros/humble/share/rosidl_generator_c/cmake)
-- Found rosidl_adapter: 3.1.6 (/opt/ros/humble/share/rosidl_adapter/cmake)
-- Found rosidl_generator_cpp: 3.1.6 (/opt/ros/humble/share/rosidl_generator_cpp/cmake)
-- Using all available rosidl_typesupport_c: rosidl_typesupport_fastrtps_c;rosidl_typesupport_introspection_c
-- Using all available rosidl_typesupport_cpp: rosidl_typesupport_fastrtps_cpp;rosidl_typesupport_introspection_cpp
-- Found unitree_hg: 0.0.0 (/home/albusgive2/unitree_ros2/cyclonedds_ws/install/unitree_hg/share/unitree_hg/cmake)
-- Found unitree_api: 0.0.0 (/home/albusgive2/unitree_ros2/cyclonedds_ws/install/unitree_api/share/unitree_api/cmake)
-- Found rclcpp: 16.0.11 (/opt/ros/humble/share/rclcpp/cmake)
-- Found rmw_implementation_cmake: 6.1.2 (/opt/ros/humble/share/rmw_implementation_cmake/cmake)
-- Found rmw_cyclonedds_cpp: 1.3.4 (/home/albusgive2/unitree_ros2/cyclonedds_ws/install/rmw_cyclonedds_cpp/share/rmw_cyclonedds_cpp/cmake)
-- Using RMW implementation 'rmw_cyclonedds_cpp' as default
-- Looking for pthread.h
-- Looking for pthread.h - found
-- Performing Test CMAKE_HAVE_LIBC_PTHREAD
-- Performing Test CMAKE_HAVE_LIBC_PTHREAD - Success
-- Found Threads: TRUE  
-- Found rosbag2_cpp: 0.15.13 (/opt/ros/humble/share/rosbag2_cpp/cmake)
-- Found Torch: /home/albusgive2/libtorch/lib/libtorch.so  
-- Found ament_lint_auto: 0.12.11 (/opt/ros/humble/share/ament_lint_auto/cmake)
-- Added test 'copyright' to check source files copyright and LICENSE
-- Added test 'cppcheck' to perform static code analysis on C / C++ code
-- Configured cppcheck include dirs: /home/albusgive2/go2w_sim2sim/ros2/src/include;/home/albusgive2/go2w_sim2sim/ros2/src/include/common;/home/albusgive2/go2w_sim2sim/ros2/src/include/nlohmann;/home/albusgive2/go2w_sim2sim/ros2/src/../../utils/cpp_gamepad;/home/albusgive2/go2w_sim2sim/ros2/src/../../utils/cpp_manager_env;/home/albusgive2/go2w_sim2sim/ros2/src/include/go2w_base_loc
-- Configured cppcheck exclude dirs and/or files: 
-- Added test 'cpplint' to check C / C++ code against the Google style
-- Configured cpplint exclude dirs and/or files: 
-- Added test 'lint_cmake' to check CMake code style
-- Added test 'uncrustify' to check C / C++ code style
-- Configured uncrustify additional arguments: 
-- Added test 'xmllint' to check XML markup files
-- Configuring done
-- Generating done
-- Build files have been written to: /home/albusgive2/go2w_sim2sim/ros2/build/unitree_ros2_example
[ 40%] [32mBuilding CXX object CMakeFiles/go2w_base_loc.dir/src/common/motor_crc.cpp.o[0m
[ 40%] [32mBuilding CXX object CMakeFiles/go2w_base_loc.dir/home/albusgive2/go2w_sim2sim/utils/cpp_gamepad/gamepad.cpp.o[0m
[ 40%] [32mBuilding CXX object CMakeFiles/go2w_stand_example.dir/src/common/motor_crc.cpp.o[0m
[ 60%] [32mBuilding CXX object CMakeFiles/go2w_base_loc.dir/src/go2w_base_loc/go2w_base_loc_env.cpp.o[0m
[ 60%] [32mBuilding CXX object CMakeFiles/go2w_base_loc.dir/src/go2w_base_loc/go2w_base_loc.cpp.o[0m
[ 60%] [32mBuilding CXX object CMakeFiles/go2w_stand_example.dir/src/go2w_stand/go2w_stand.cpp.o[0m
[ 70%] [32mBuilding CXX object CMakeFiles/go2w_base_loc.dir/home/albusgive2/go2w_sim2sim/utils/cpp_manager_env/ManagerEnv.cpp.o[0m
[ 80%] [32mBuilding CXX object CMakeFiles/go2w_base_loc.dir/home/albusgive2/go2w_sim2sim/utils/cpp_manager_env/libtorch_net.cpp.o[0m
[ 90%] [32m[1mLinking CXX executable go2w_stand_example[0m
[ 90%] Built target go2w_stand_example
[100%] [32m[1mLinking CXX executable go2w_base_loc[0m
[100%] Built target go2w_base_loc
-- Install configuration: ""
-- Installing: /home/albusgive2/go2w_sim2sim/ros2/install/unitree_ros2_example/bin/go2w_stand_example
-- Set runtime path of "/home/albusgive2/go2w_sim2sim/ros2/install/unitree_ros2_example/bin/go2w_stand_example" to ""
-- Installing: /home/albusgive2/go2w_sim2sim/ros2/install/unitree_ros2_example/bin/go2w_base_loc
-- Set runtime path of "/home/albusgive2/go2w_sim2sim/ros2/install/unitree_ros2_example/bin/go2w_base_loc" to ""
-- Installing: /home/albusgive2/go2w_sim2sim/ros2/install/unitree_ros2_example/share/ament_index/resource_index/package_run_dependencies/unitree_ros2_example
-- Installing: /home/albusgive2/go2w_sim2sim/ros2/install/unitree_ros2_example/share/ament_index/resource_index/parent_prefix_path/unitree_ros2_example
-- Up-to-date: /home/albusgive2/go2w_sim2sim/ros2/install/unitree_ros2_example/share/unitree_ros2_example/environment/ament_prefix_path.sh
-- Installing: /home/albusgive2/go2w_sim2sim/ros2/install/unitree_ros2_example/share/unitree_ros2_example/environment/ament_prefix_path.dsv
-- Up-to-date: /home/albusgive2/go2w_sim2sim/ros2/install/unitree_ros2_example/share/unitree_ros2_example/environment/path.sh
-- Installing: /home/albusgive2/go2w_sim2sim/ros2/install/unitree_ros2_example/share/unitree_ros2_example/environment/path.dsv
-- Installing: /home/albusgive2/go2w_sim2sim/ros2/install/unitree_ros2_example/share/unitree_ros2_example/local_setup.bash
-- Installing: /home/albusgive2/go2w_sim2sim/ros2/install/unitree_ros2_example/share/unitree_ros2_example/local_setup.sh
-- Installing: /home/albusgive2/go2w_sim2sim/ros2/install/unitree_ros2_example/share/unitree_ros2_example/local_setup.zsh
-- Installing: /home/albusgive2/go2w_sim2sim/ros2/install/unitree_ros2_example/share/unitree_ros2_example/local_setup.dsv
-- Installing: /home/albusgive2/go2w_sim2sim/ros2/install/unitree_ros2_example/share/unitree_ros2_example/package.dsv
-- Installing: /home/albusgive2/go2w_sim2sim/ros2/install/unitree_ros2_example/share/ament_index/resource_index/packages/unitree_ros2_example
-- Installing: /home/albusgive2/go2w_sim2sim/ros2/install/unitree_ros2_example/share/unitree_ros2_example/cmake/unitree_ros2_exampleConfig.cmake
-- Installing: /home/albusgive2/go2w_sim2sim/ros2/install/unitree_ros2_example/share/unitree_ros2_example/cmake/unitree_ros2_exampleConfig-version.cmake
-- Up-to-date: /home/albusgive2/go2w_sim2sim/ros2/install/unitree_ros2_example/share/unitree_ros2_example/package.xml
