[0.063s] DEBUG:colcon:Command line arguments: ['/usr/bin/colcon', 'build']
[0.063s] DEBUG:colcon:Parsed command line arguments: Namespace(log_base=None, log_level=None, verb_name='build', build_base='build', install_base='install', merge_install=False, symlink_install=False, test_result_base=None, continue_on_error=False, executor='parallel', parallel_workers=12, event_handlers=None, ignore_user_meta=False, metas=['./colcon.meta'], base_paths=['.'], packages_ignore=None, packages_ignore_regex=None, paths=None, packages_up_to=None, packages_up_to_regex=None, packages_above=None, packages_above_and_dependencies=None, packages_above_depth=None, packages_select_by_dep=None, packages_skip_by_dep=None, packages_skip_up_to=None, packages_select_build_failed=False, packages_skip_build_finished=False, packages_select_test_failures=False, packages_skip_test_passed=False, packages_select=None, packages_skip=None, packages_select_regex=None, packages_skip_regex=None, packages_start=None, packages_end=None, allow_overriding=[], cmake_args=None, cmake_target=None, cmake_target_skip_unavailable=False, cmake_clean_cache=False, cmake_clean_first=False, cmake_force_configure=False, ament_cmake_args=None, catkin_cmake_args=None, catkin_skip_building_tests=False, verb_parser=<colcon_defaults.argument_parser.defaults.DefaultArgumentsDecorator object at 0x719d05f38ee0>, verb_extension=<colcon_core.verb.build.BuildVerb object at 0x719d0605a350>, main=<bound method BuildVerb.main of <colcon_core.verb.build.BuildVerb object at 0x719d0605a350>>)
[0.167s] Level 1:colcon.colcon_core.package_discovery:discover_packages(colcon_meta) check parameters
[0.167s] Level 1:colcon.colcon_core.package_discovery:discover_packages(recursive) check parameters
[0.167s] Level 1:colcon.colcon_core.package_discovery:discover_packages(ignore) check parameters
[0.167s] Level 1:colcon.colcon_core.package_discovery:discover_packages(path) check parameters
[0.167s] Level 1:colcon.colcon_core.package_discovery:discover_packages(colcon_meta) discover
[0.167s] Level 1:colcon.colcon_core.package_discovery:discover_packages(recursive) discover
[0.167s] INFO:colcon.colcon_core.package_discovery:Crawling recursively for packages in '/home/albusgive2/go2w_sim2sim/ros2'
[0.167s] Level 1:colcon.colcon_core.package_identification:_identify(.) by extensions ['ignore', 'ignore_ament_install']
[0.167s] Level 1:colcon.colcon_core.package_identification:_identify(.) by extension 'ignore'
[0.167s] Level 1:colcon.colcon_core.package_identification:_identify(.) by extension 'ignore_ament_install'
[0.167s] Level 1:colcon.colcon_core.package_identification:_identify(.) by extensions ['colcon_pkg']
[0.167s] Level 1:colcon.colcon_core.package_identification:_identify(.) by extension 'colcon_pkg'
[0.167s] Level 1:colcon.colcon_core.package_identification:_identify(.) by extensions ['colcon_meta']
[0.167s] Level 1:colcon.colcon_core.package_identification:_identify(.) by extension 'colcon_meta'
[0.167s] Level 1:colcon.colcon_core.package_identification:_identify(.) by extensions ['ros']
[0.167s] Level 1:colcon.colcon_core.package_identification:_identify(.) by extension 'ros'
[0.175s] Level 1:colcon.colcon_core.package_identification:_identify(.) by extensions ['cmake', 'python']
[0.175s] Level 1:colcon.colcon_core.package_identification:_identify(.) by extension 'cmake'
[0.175s] Level 1:colcon.colcon_core.package_identification:_identify(.) by extension 'python'
[0.175s] Level 1:colcon.colcon_core.package_identification:_identify(.) by extensions ['python_setup_py']
[0.175s] Level 1:colcon.colcon_core.package_identification:_identify(.) by extension 'python_setup_py'
[0.175s] Level 1:colcon.colcon_core.package_identification:_identify(build) by extensions ['ignore', 'ignore_ament_install']
[0.175s] Level 1:colcon.colcon_core.package_identification:_identify(build) by extension 'ignore'
[0.175s] Level 1:colcon.colcon_core.package_identification:_identify(build) ignored
[0.175s] Level 1:colcon.colcon_core.package_identification:_identify(install) by extensions ['ignore', 'ignore_ament_install']
[0.175s] Level 1:colcon.colcon_core.package_identification:_identify(install) by extension 'ignore'
[0.175s] Level 1:colcon.colcon_core.package_identification:_identify(install) ignored
[0.176s] Level 1:colcon.colcon_core.package_identification:_identify(log) by extensions ['ignore', 'ignore_ament_install']
[0.176s] Level 1:colcon.colcon_core.package_identification:_identify(log) by extension 'ignore'
[0.176s] Level 1:colcon.colcon_core.package_identification:_identify(log) ignored
[0.176s] Level 1:colcon.colcon_core.package_identification:_identify(src) by extensions ['ignore', 'ignore_ament_install']
[0.176s] Level 1:colcon.colcon_core.package_identification:_identify(src) by extension 'ignore'
[0.176s] Level 1:colcon.colcon_core.package_identification:_identify(src) by extension 'ignore_ament_install'
[0.176s] Level 1:colcon.colcon_core.package_identification:_identify(src) by extensions ['colcon_pkg']
[0.176s] Level 1:colcon.colcon_core.package_identification:_identify(src) by extension 'colcon_pkg'
[0.176s] Level 1:colcon.colcon_core.package_identification:_identify(src) by extensions ['colcon_meta']
[0.176s] Level 1:colcon.colcon_core.package_identification:_identify(src) by extension 'colcon_meta'
[0.176s] Level 1:colcon.colcon_core.package_identification:_identify(src) by extensions ['ros']
[0.176s] Level 1:colcon.colcon_core.package_identification:_identify(src) by extension 'ros'
[0.177s] DEBUG:colcon.colcon_core.package_identification:Package 'src' with type 'ros.ament_cmake' and name 'unitree_ros2_example'
[0.178s] Level 1:colcon.colcon_core.package_discovery:discover_packages(recursive) using defaults
[0.178s] Level 1:colcon.colcon_core.package_discovery:discover_packages(ignore) discover
[0.178s] Level 1:colcon.colcon_core.package_discovery:discover_packages(ignore) using defaults
[0.178s] Level 1:colcon.colcon_core.package_discovery:discover_packages(path) discover
[0.178s] Level 1:colcon.colcon_core.package_discovery:discover_packages(path) using defaults
[0.196s] Level 1:colcon.colcon_core.package_discovery:discover_packages(prefix_path) check parameters
[0.196s] Level 1:colcon.colcon_core.package_discovery:discover_packages(prefix_path) discover
[0.197s] DEBUG:colcon.colcon_installed_package_information.package_discovery:Found 5 installed packages in /home/albusgive2/unitree_ros2/cyclonedds_ws/install
[0.197s] DEBUG:colcon.colcon_installed_package_information.package_discovery:Found 1 installed packages in /home/albusgive2/ros2-gamepad/install
[0.198s] DEBUG:colcon.colcon_installed_package_information.package_discovery:Found 1 installed packages in /home/albusgive2/rlfw/rlfw_interface/install
[0.198s] DEBUG:colcon.colcon_installed_package_information.package_discovery:Found 326 installed packages in /opt/ros/humble
[0.199s] Level 1:colcon.colcon_core.package_discovery:discover_packages(prefix_path) using defaults
[0.222s] Level 5:colcon.colcon_core.verb:set package 'unitree_ros2_example' build argument 'cmake_args' from command line to 'None'
[0.222s] Level 5:colcon.colcon_core.verb:set package 'unitree_ros2_example' build argument 'cmake_target' from command line to 'None'
[0.222s] Level 5:colcon.colcon_core.verb:set package 'unitree_ros2_example' build argument 'cmake_target_skip_unavailable' from command line to 'False'
[0.222s] Level 5:colcon.colcon_core.verb:set package 'unitree_ros2_example' build argument 'cmake_clean_cache' from command line to 'False'
[0.222s] Level 5:colcon.colcon_core.verb:set package 'unitree_ros2_example' build argument 'cmake_clean_first' from command line to 'False'
[0.222s] Level 5:colcon.colcon_core.verb:set package 'unitree_ros2_example' build argument 'cmake_force_configure' from command line to 'False'
[0.222s] Level 5:colcon.colcon_core.verb:set package 'unitree_ros2_example' build argument 'ament_cmake_args' from command line to 'None'
[0.222s] Level 5:colcon.colcon_core.verb:set package 'unitree_ros2_example' build argument 'catkin_cmake_args' from command line to 'None'
[0.222s] Level 5:colcon.colcon_core.verb:set package 'unitree_ros2_example' build argument 'catkin_skip_building_tests' from command line to 'False'
[0.222s] DEBUG:colcon.colcon_core.verb:Building package 'unitree_ros2_example' with the following arguments: {'ament_cmake_args': None, 'build_base': '/home/albusgive2/go2w_sim2sim/ros2/build/unitree_ros2_example', 'catkin_cmake_args': None, 'catkin_skip_building_tests': False, 'cmake_args': None, 'cmake_clean_cache': False, 'cmake_clean_first': False, 'cmake_force_configure': False, 'cmake_target': None, 'cmake_target_skip_unavailable': False, 'install_base': '/home/albusgive2/go2w_sim2sim/ros2/install/unitree_ros2_example', 'merge_install': False, 'path': '/home/albusgive2/go2w_sim2sim/ros2/src', 'symlink_install': False, 'test_result_base': None}
[0.222s] INFO:colcon.colcon_core.executor:Executing jobs using 'parallel' executor
[0.223s] DEBUG:colcon.colcon_parallel_executor.executor.parallel:run_until_complete
[0.223s] INFO:colcon.colcon_ros.task.ament_cmake.build:Building ROS package in '/home/albusgive2/go2w_sim2sim/ros2/src' with build type 'ament_cmake'
[0.223s] INFO:colcon.colcon_cmake.task.cmake.build:Building CMake package in '/home/albusgive2/go2w_sim2sim/ros2/src'
[0.224s] INFO:colcon.colcon_core.plugin_system:Skipping extension 'colcon_core.shell.bat': Not used on non-Windows systems
[0.224s] INFO:colcon.colcon_core.shell:Skip shell extension 'powershell' for command environment: Not usable outside of PowerShell
[0.225s] DEBUG:colcon.colcon_core.shell:Skip shell extension 'dsv' for command environment
[0.230s] DEBUG:colcon.colcon_core.event_handler.log_command:Invoking command in '/home/albusgive2/go2w_sim2sim/ros2/build/unitree_ros2_example': CMAKE_PREFIX_PATH=${CMAKE_PREFIX_PATH}:/opt/ros/humble /usr/bin/cmake /home/albusgive2/go2w_sim2sim/ros2/src -DCMAKE_INSTALL_PREFIX=/home/albusgive2/go2w_sim2sim/ros2/install/unitree_ros2_example
[1.070s] DEBUG:colcon.colcon_core.event_handler.log_command:Invoked command in '/home/albusgive2/go2w_sim2sim/ros2/build/unitree_ros2_example' returned '0': CMAKE_PREFIX_PATH=${CMAKE_PREFIX_PATH}:/opt/ros/humble /usr/bin/cmake /home/albusgive2/go2w_sim2sim/ros2/src -DCMAKE_INSTALL_PREFIX=/home/albusgive2/go2w_sim2sim/ros2/install/unitree_ros2_example
[1.070s] DEBUG:colcon.colcon_core.event_handler.log_command:Invoking command in '/home/albusgive2/go2w_sim2sim/ros2/build/unitree_ros2_example': CMAKE_PREFIX_PATH=${CMAKE_PREFIX_PATH}:/opt/ros/humble /usr/bin/cmake --build /home/albusgive2/go2w_sim2sim/ros2/build/unitree_ros2_example -- -j12 -l12
[19.196s] DEBUG:colcon.colcon_core.event_handler.log_command:Invoked command in '/home/albusgive2/go2w_sim2sim/ros2/build/unitree_ros2_example' returned '0': CMAKE_PREFIX_PATH=${CMAKE_PREFIX_PATH}:/opt/ros/humble /usr/bin/cmake --build /home/albusgive2/go2w_sim2sim/ros2/build/unitree_ros2_example -- -j12 -l12
[19.203s] DEBUG:colcon.colcon_core.event_handler.log_command:Invoking command in '/home/albusgive2/go2w_sim2sim/ros2/build/unitree_ros2_example': CMAKE_PREFIX_PATH=${CMAKE_PREFIX_PATH}:/opt/ros/humble /usr/bin/cmake --install /home/albusgive2/go2w_sim2sim/ros2/build/unitree_ros2_example
[19.216s] Level 1:colcon.colcon_core.environment:create_environment_scripts_only(unitree_ros2_example)
[19.217s] DEBUG:colcon.colcon_core.event_handler.log_command:Invoked command in '/home/albusgive2/go2w_sim2sim/ros2/build/unitree_ros2_example' returned '0': CMAKE_PREFIX_PATH=${CMAKE_PREFIX_PATH}:/opt/ros/humble /usr/bin/cmake --install /home/albusgive2/go2w_sim2sim/ros2/build/unitree_ros2_example
[19.218s] Level 1:colcon.colcon_core.environment:checking '/home/albusgive2/go2w_sim2sim/ros2/install/unitree_ros2_example' for CMake module files
[19.218s] Level 1:colcon.colcon_core.environment:checking '/home/albusgive2/go2w_sim2sim/ros2/install/unitree_ros2_example' for CMake config files
[19.218s] Level 1:colcon.colcon_core.shell:create_environment_hook('unitree_ros2_example', 'cmake_prefix_path')
[19.218s] INFO:colcon.colcon_core.shell:Creating environment hook '/home/albusgive2/go2w_sim2sim/ros2/install/unitree_ros2_example/share/unitree_ros2_example/hook/cmake_prefix_path.ps1'
[19.219s] INFO:colcon.colcon_core.shell:Creating environment descriptor '/home/albusgive2/go2w_sim2sim/ros2/install/unitree_ros2_example/share/unitree_ros2_example/hook/cmake_prefix_path.dsv'
[19.219s] INFO:colcon.colcon_core.shell:Creating environment hook '/home/albusgive2/go2w_sim2sim/ros2/install/unitree_ros2_example/share/unitree_ros2_example/hook/cmake_prefix_path.sh'
[19.219s] Level 1:colcon.colcon_core.environment:checking '/home/albusgive2/go2w_sim2sim/ros2/install/unitree_ros2_example/bin'
[19.220s] Level 1:colcon.colcon_core.shell:create_environment_hook('unitree_ros2_example', 'path')
[19.220s] INFO:colcon.colcon_core.shell:Creating environment hook '/home/albusgive2/go2w_sim2sim/ros2/install/unitree_ros2_example/share/unitree_ros2_example/hook/path.ps1'
[19.220s] INFO:colcon.colcon_core.shell:Creating environment descriptor '/home/albusgive2/go2w_sim2sim/ros2/install/unitree_ros2_example/share/unitree_ros2_example/hook/path.dsv'
[19.220s] INFO:colcon.colcon_core.shell:Creating environment hook '/home/albusgive2/go2w_sim2sim/ros2/install/unitree_ros2_example/share/unitree_ros2_example/hook/path.sh'
[19.220s] Level 1:colcon.colcon_core.environment:checking '/home/albusgive2/go2w_sim2sim/ros2/install/unitree_ros2_example/lib/pkgconfig/unitree_ros2_example.pc'
[19.220s] Level 1:colcon.colcon_core.environment:checking '/home/albusgive2/go2w_sim2sim/ros2/install/unitree_ros2_example/lib/python3.10/site-packages'
[19.220s] Level 1:colcon.colcon_core.environment:checking '/home/albusgive2/go2w_sim2sim/ros2/install/unitree_ros2_example/bin'
[19.221s] Level 1:colcon.colcon_core.shell:create_environment_hook('unitree_ros2_example', 'pythonscriptspath')
[19.221s] INFO:colcon.colcon_core.shell:Creating environment hook '/home/albusgive2/go2w_sim2sim/ros2/install/unitree_ros2_example/share/unitree_ros2_example/hook/pythonscriptspath.ps1'
[19.221s] INFO:colcon.colcon_core.shell:Creating environment descriptor '/home/albusgive2/go2w_sim2sim/ros2/install/unitree_ros2_example/share/unitree_ros2_example/hook/pythonscriptspath.dsv'
[19.221s] INFO:colcon.colcon_core.shell:Creating environment hook '/home/albusgive2/go2w_sim2sim/ros2/install/unitree_ros2_example/share/unitree_ros2_example/hook/pythonscriptspath.sh'
[19.221s] INFO:colcon.colcon_core.shell:Creating package script '/home/albusgive2/go2w_sim2sim/ros2/install/unitree_ros2_example/share/unitree_ros2_example/package.ps1'
[19.222s] INFO:colcon.colcon_core.shell:Creating package descriptor '/home/albusgive2/go2w_sim2sim/ros2/install/unitree_ros2_example/share/unitree_ros2_example/package.dsv'
[19.222s] INFO:colcon.colcon_core.shell:Creating package script '/home/albusgive2/go2w_sim2sim/ros2/install/unitree_ros2_example/share/unitree_ros2_example/package.sh'
[19.223s] INFO:colcon.colcon_core.shell:Creating package script '/home/albusgive2/go2w_sim2sim/ros2/install/unitree_ros2_example/share/unitree_ros2_example/package.bash'
[19.223s] INFO:colcon.colcon_core.shell:Creating package script '/home/albusgive2/go2w_sim2sim/ros2/install/unitree_ros2_example/share/unitree_ros2_example/package.zsh'
[19.223s] Level 1:colcon.colcon_core.environment:create_file_with_runtime_dependencies(/home/albusgive2/go2w_sim2sim/ros2/install/unitree_ros2_example/share/colcon-core/packages/unitree_ros2_example)
[19.224s] Level 1:colcon.colcon_core.environment:create_environment_scripts_only(unitree_ros2_example)
[19.224s] Level 1:colcon.colcon_core.environment:checking '/home/albusgive2/go2w_sim2sim/ros2/install/unitree_ros2_example' for CMake module files
[19.224s] Level 1:colcon.colcon_core.environment:checking '/home/albusgive2/go2w_sim2sim/ros2/install/unitree_ros2_example' for CMake config files
[19.224s] Level 1:colcon.colcon_core.shell:create_environment_hook('unitree_ros2_example', 'cmake_prefix_path')
[19.224s] INFO:colcon.colcon_core.shell:Creating environment hook '/home/albusgive2/go2w_sim2sim/ros2/install/unitree_ros2_example/share/unitree_ros2_example/hook/cmake_prefix_path.ps1'
[19.225s] INFO:colcon.colcon_core.shell:Creating environment descriptor '/home/albusgive2/go2w_sim2sim/ros2/install/unitree_ros2_example/share/unitree_ros2_example/hook/cmake_prefix_path.dsv'
[19.225s] INFO:colcon.colcon_core.shell:Creating environment hook '/home/albusgive2/go2w_sim2sim/ros2/install/unitree_ros2_example/share/unitree_ros2_example/hook/cmake_prefix_path.sh'
[19.225s] Level 1:colcon.colcon_core.environment:checking '/home/albusgive2/go2w_sim2sim/ros2/install/unitree_ros2_example/bin'
[19.225s] Level 1:colcon.colcon_core.shell:create_environment_hook('unitree_ros2_example', 'path')
[19.225s] INFO:colcon.colcon_core.shell:Creating environment hook '/home/albusgive2/go2w_sim2sim/ros2/install/unitree_ros2_example/share/unitree_ros2_example/hook/path.ps1'
[19.225s] INFO:colcon.colcon_core.shell:Creating environment descriptor '/home/albusgive2/go2w_sim2sim/ros2/install/unitree_ros2_example/share/unitree_ros2_example/hook/path.dsv'
[19.226s] INFO:colcon.colcon_core.shell:Creating environment hook '/home/albusgive2/go2w_sim2sim/ros2/install/unitree_ros2_example/share/unitree_ros2_example/hook/path.sh'
[19.226s] Level 1:colcon.colcon_core.environment:checking '/home/albusgive2/go2w_sim2sim/ros2/install/unitree_ros2_example/lib/pkgconfig/unitree_ros2_example.pc'
[19.226s] Level 1:colcon.colcon_core.environment:checking '/home/albusgive2/go2w_sim2sim/ros2/install/unitree_ros2_example/lib/python3.10/site-packages'
[19.226s] Level 1:colcon.colcon_core.environment:checking '/home/albusgive2/go2w_sim2sim/ros2/install/unitree_ros2_example/bin'
[19.226s] Level 1:colcon.colcon_core.shell:create_environment_hook('unitree_ros2_example', 'pythonscriptspath')
[19.226s] INFO:colcon.colcon_core.shell:Creating environment hook '/home/albusgive2/go2w_sim2sim/ros2/install/unitree_ros2_example/share/unitree_ros2_example/hook/pythonscriptspath.ps1'
[19.226s] INFO:colcon.colcon_core.shell:Creating environment descriptor '/home/albusgive2/go2w_sim2sim/ros2/install/unitree_ros2_example/share/unitree_ros2_example/hook/pythonscriptspath.dsv'
[19.227s] INFO:colcon.colcon_core.shell:Creating environment hook '/home/albusgive2/go2w_sim2sim/ros2/install/unitree_ros2_example/share/unitree_ros2_example/hook/pythonscriptspath.sh'
[19.227s] INFO:colcon.colcon_core.shell:Creating package script '/home/albusgive2/go2w_sim2sim/ros2/install/unitree_ros2_example/share/unitree_ros2_example/package.ps1'
[19.227s] INFO:colcon.colcon_core.shell:Creating package descriptor '/home/albusgive2/go2w_sim2sim/ros2/install/unitree_ros2_example/share/unitree_ros2_example/package.dsv'
[19.228s] INFO:colcon.colcon_core.shell:Creating package script '/home/albusgive2/go2w_sim2sim/ros2/install/unitree_ros2_example/share/unitree_ros2_example/package.sh'
[19.228s] INFO:colcon.colcon_core.shell:Creating package script '/home/albusgive2/go2w_sim2sim/ros2/install/unitree_ros2_example/share/unitree_ros2_example/package.bash'
[19.228s] INFO:colcon.colcon_core.shell:Creating package script '/home/albusgive2/go2w_sim2sim/ros2/install/unitree_ros2_example/share/unitree_ros2_example/package.zsh'
[19.228s] Level 1:colcon.colcon_core.environment:create_file_with_runtime_dependencies(/home/albusgive2/go2w_sim2sim/ros2/install/unitree_ros2_example/share/colcon-core/packages/unitree_ros2_example)
[19.228s] DEBUG:colcon.colcon_parallel_executor.executor.parallel:closing loop
[19.229s] DEBUG:colcon.colcon_parallel_executor.executor.parallel:loop closed
[19.229s] DEBUG:colcon.colcon_parallel_executor.executor.parallel:run_until_complete finished with '0'
[19.229s] DEBUG:colcon.colcon_core.event_reactor:joining thread
[19.233s] INFO:colcon.colcon_core.plugin_system:Skipping extension 'colcon_notification.desktop_notification.terminal_notifier': Not used on non-Darwin systems
[19.233s] INFO:colcon.colcon_core.plugin_system:Skipping extension 'colcon_notification.desktop_notification.win32': Not used on non-Windows systems
[19.233s] INFO:colcon.colcon_notification.desktop_notification:Sending desktop notification using 'notify2'
[19.239s] DEBUG:colcon.colcon_core.event_reactor:joined thread
[19.240s] INFO:colcon.colcon_core.shell:Creating prefix script '/home/albusgive2/go2w_sim2sim/ros2/install/local_setup.ps1'
[19.240s] INFO:colcon.colcon_core.shell:Creating prefix util module '/home/albusgive2/go2w_sim2sim/ros2/install/_local_setup_util_ps1.py'
[19.242s] INFO:colcon.colcon_core.shell:Creating prefix chain script '/home/albusgive2/go2w_sim2sim/ros2/install/setup.ps1'
[19.242s] INFO:colcon.colcon_core.shell:Creating prefix script '/home/albusgive2/go2w_sim2sim/ros2/install/local_setup.sh'
[19.243s] INFO:colcon.colcon_core.shell:Creating prefix util module '/home/albusgive2/go2w_sim2sim/ros2/install/_local_setup_util_sh.py'
[19.243s] INFO:colcon.colcon_core.shell:Creating prefix chain script '/home/albusgive2/go2w_sim2sim/ros2/install/setup.sh'
[19.244s] INFO:colcon.colcon_core.shell:Creating prefix script '/home/albusgive2/go2w_sim2sim/ros2/install/local_setup.bash'
[19.244s] INFO:colcon.colcon_core.shell:Creating prefix chain script '/home/albusgive2/go2w_sim2sim/ros2/install/setup.bash'
[19.245s] INFO:colcon.colcon_core.shell:Creating prefix script '/home/albusgive2/go2w_sim2sim/ros2/install/local_setup.zsh'
[19.245s] INFO:colcon.colcon_core.shell:Creating prefix chain script '/home/albusgive2/go2w_sim2sim/ros2/install/setup.zsh'
